<?xml version="1.0" encoding="utf-8"?><testsuites><testsuite name="pytest" errors="0" failures="0" skipped="0" tests="3" time="4.297" timestamp="2026-09-29T08:47:06.310165" hostname="DESKTOP-6535S32"><testcase classname="test_app" name="test_health_ok" time="0.033" /><testcase classname="test_app" name="test_health_redis_down" time="4.013" /><testcase classname="test_app" name="test_visits_increments" time="0.032" /></testsuite></testsuites>